// Jest Snapshot v1, https://goo.gl/fbAQLP

exports[`useCounter Counter is 42 1`] = `
<div>
  <div>
    <div
      title="counter"
    >
      42
    </div>
    <div
      title="counter-2"
    >
      42
    </div>
    <div
      title="message"
    >
      Welcome Jotai!
    </div>
    <div
      title="doubled-counter"
    >
      84
    </div>
    <div
      title="inc-doubled-counter"
    >
      85
    </div>
    <div
      title="tripled-counter"
    >
      126
    </div>
    <div>
      loading
    </div>
    <button
      title="increment-1"
    >
      increment-1
    </button>
    <button
      title="increment-2"
    >
      increment-2
    </button>
  </div>
</div>
`;

exports[`useCounter Counter is 43 1`] = `
<div>
  <div>
    <div
      title="counter"
    >
      252
    </div>
    <div
      title="counter-2"
    >
      252
    </div>
    <div
      title="message"
    >
      Welcome Jotai!
    </div>
    <div
      title="doubled-counter"
    >
      504
    </div>
    <div
      title="inc-doubled-counter"
    >
      505
    </div>
    <div
      title="tripled-counter"
    >
      756
    </div>
    <div>
      loading
    </div>
    <button
      title="increment-1"
    >
      increment-1
    </button>
    <button
      title="increment-2"
    >
      increment-2
    </button>
  </div>
</div>
`;
